[Declaration (ConstDecl (ConstSpec ["x"] (TypeName (TypNameIdentifier "int")) [Num 2]))]