SourceFile (Package "main") [TopLevelDecl2 (FunctionDecl1 "main" (Signature2 [ParameterDecl2 [IdDecl "x"] (TypeName (TypeNameIdentifier "int"))]))]
