[IfStmt (Ifstmt1 (IdUse "b") (Block [SimpleStmt (ExpressionStmt (IdUse "a"))]))]