[TopLevelDecl2 (FunctionDecl2 "main" Signature1 (Block [IfStmt (Ifstmt1 (BinExpr (CondExpr (Eq_ (Num 2) (Num 2)))) (Block [SimpleStmt (ExpressionStmt (PrintCall [Num 1]))]))]))]
