[IfStmt (Ifstmt2 (BinExpr (CondExpr (Eq_ (Num 2) (Num 2)))) (Block [SimpleStmt (ExpressionStmt (PrintCall [Num 1]))]) (Else2 (Block [SimpleStmt (ExpressionStmt (PrintCall [Num 2]))])))]
