[IfStmt (Ifstmt1 (BinExpr (CondExpr (Eq_ (Num 1) (Num 1)))) (Block [SimpleStmt (ExpressionStmt (PrintCall [Num 2]))]))]
