[TopLevelDecl2 (FunctionDecl2 "main" Signature1 (Block [IfStmt (Ifstmt2 (BoolExpr True) (Block [SimpleStmt (ExpressionStmt (PrintCall [Num 1]))]) (Else2 (Block [SimpleStmt (ExpressionStmt (PrintCall [Num 2]))])))]))]
