[DeclarationStmt (VarDecl [IdDecl "x"] (TypeName (TypNameIdentifier "string")) [StringExpr "Hello World"])]
