[SimpleStmt (ExpressionStmt (BinExpr (AritmExpr (SubExpr (Num 2) (Num 3)))))]
