[DeclarationStmt (TypeDecl "kustom" (TypeName (TypNameIdentifier "balbal")))]
