[TopLevelDecl2 (FunctionDecl2 "main" Signature1 (Block [SimpleStmt (ExpressionStmt (IdUse "a"))]))]
