[DeclarationStmt (VarDecl [IdDecl "abc1"] (TypeName (TypNameIdentifier "int")) [Num 3]),DeclarationStmt (VarDecl [IdDecl "abc2"] (TypeName (TypNameIdentifier "int")) [Num 2]),SimpleStmt (ExpressionStmt (PrintCall [BinExpr (AritmExpr (SubExpr (IdUse "abc1") (IdUse "abc2")))]))]
