[Declaration (VarDecl (VarSpec ["x"] (TypeName (TypNameIdentifier "int")) [Num 2]))]