SourceFile (Package "main") [ImportDecl [I1 "fmt"]] [TopLevelDecl2 (FunctionDecl2 "main" (Signature1 []) (Block []))]
