SourceFile (Package "main") [TopLevelDecl1 (ConstDecl [IdDecl "x"] (TypeName (TypeNameIdentifier "int")) [Num 2])]
