SourceFile (Package "main") [TopLevelDecl2 (FunctionDecl2 "f" (Signature2 [ParameterDecl2 [IdDecl "x"] (TypeName (TypeNameIdentifier "int"))] (Result2 (TypeName (TypeNameIdentifier "int")))) (Block [ReturnStmt (IdUse "x")])),TopLevelDecl2 (FunctionDecl2 "main" (Signature1 []) (Block [DeclarationStmt (VarDecl [IdDecl "k"] (TypeName (TypeNameIdentifier "int")) [Call "f" [Num 2]]),SimpleStmt (ExpressionStmt (PrintCall [IdUse "k"]))]))]
