SourceFile (Package "main") [ImportDecl [I1 "fmt"]] [TopLevelDecl2 (FunctionDecl1 "main" (Signature1 [ParameterDecl2 [IdDecl "x"] (TypeName (TypeNameIdentifier "int"))]))]
