SourceFile (Package "main") [TopLevelDecl2 (FunctionDecl2 "main" (Signature1 []) (Block [IfStmt (Ifstmt1 (UnaryExpr (PrimaryExpr (PrimaryExpr1 (Operand2 (OperandName1 "b"))))) (Block []))]))]
