SourceFile (Package "main") [TopLevelDecl2 (FunctionDecl2 "main" (Signature1 []) (Block [SimpleStmt (ExpressionStmt (UnaryExpr (PrimaryExpr (PrimaryExpr1 (Operand1 (BasicLit (IntLit 1)))))))]))]
