SourceFile (Package "main") [ImportDecl [I1 "fmt"]] [TopLevelDecl2 (FunctionDecl2 "main" (Signature1 []) (Block [SimpleStmt (ExpressionStmt (UnaryExpr (PrimaryExpr (PrimaryExpr7 (PrimaryExpr1 (Operand2 (OperandName2 (QualifiedIdent "fmt" "Print")))) (Arguments5 [BinExpr (AritmExpr (SubExpr (UnaryExpr (PrimaryExpr (PrimaryExpr1 (Operand2 (OperandName1 "x"))))) (UnaryExpr (PrimaryExpr (PrimaryExpr1 (Operand1 (BasicLit (IntLit 2))))))))])))))]))]
