SourceFile (Package "main") [TopLevelDecl1 (TypeDecl "Tree" (TypeLit (StructType Struct2)))]
