SourceFile (Package "main") [TopLevelDecl1 (TypeDecl [TypeSpec "X" (TypeLit (StructTypeLit (StructType1 [FieldDecl1 (TypeName (TypeNameIdentifier "int"))])))])]
