SourceFile (Package "main") [TopLevelDecl1 (TypeDecl [TypeSpec "L" (TypeLit (StructTypeLit (StructType1 [FieldDecl1 [IdDecl "x"] (TypeName (TypeNameIdentifier "int")),FieldDecl1 [IdDecl "k"] (TypeName (TypeNameIdentifier "int"))])))])]
