SourceFile (Package "main") [TopLevelDecl2 (FunctionDecl2 "main" (Signature1 []) (Block [SimpleStmt (ExpressionStmt (BinExpr (AritmExpr (SubExpr (UnaryExpr (PrimaryExpr (PrimaryExpr1 (Operand1 (BasicLit (IntLit 2)))))) (UnaryExpr (PrimaryExpr (PrimaryExpr1 (Operand1 (BasicLit (IntLit 3))))))))))]))]
