SourceFile (Package "main") [ImportDecl [I1 "fmt"]] [TopLevelDecl1 (TypeDecl [TypeSpec "kustom" (TypeName (TypeNameIdentifier "balbal"))])]
