SourceFile (Package "main") [TopLevelDecl1 (TypeDecl [TypeSpec "yeah" (TypeName (TypeNameIdentifier "string"))]),TopLevelDecl2 (FunctionDecl2 "main" (Signature1 []) (Block []))]
