SourceFile (Package "main") [TopLevelDecl1 (VarDecl [IdDecl "x"] (TypeName (TypeNameIdentifier "int")) [Num 2])]
