SourceFile (Package "main") [TopLevelDecl1 (VarDecl [IdDecl "abc1"] (TypeName (TypeNameIdentifier "int")) [UnaryExpr (PrimaryExpr (PrimaryExpr1 (Operand1 (BasicLit (IntLit 3)))))]),TopLevelDecl1 (VarDecl [IdDecl "abc2"] (TypeName (TypeNameIdentifier "int")) [UnaryExpr (PrimaryExpr (PrimaryExpr1 (Operand1 (BasicLit (IntLit 2)))))]),TopLevelDecl2 (FunctionDecl2 "main" (Signature1 []) (Block [SimpleStmt (ExpressionStmt (UnaryExpr (PrimaryExpr (PrimaryExpr7 (PrimaryExpr1 (Operand2 (OperandName2 (QualifiedIdent "fmt" "Print")))) (Arguments5 [BinExpr (AritmExpr (SubExpr (UnaryExpr (PrimaryExpr (PrimaryExpr1 (Operand1 (BasicLit (IntLit 2)))))) (UnaryExpr (PrimaryExpr (PrimaryExpr1 (Operand1 (BasicLit (IntLit 1))))))))])))))]))]
