SourceFile (Package "main") [TopLevelDecl1 (VarDecl [IdDecl "x"] (TypeName (TypeNameIdentifier "string")) [StringExpr "Hello World"])]
