SourceFile (Package "main") [TopLevelDecl1 (TypeDecl "Tree" (TypeLit (StructTypeLit StructType2)))]
