SourceFile (Package "main") [TopLevelDecl1 (ConstDecl [IdDecl "x"] (TypeName (TypeNameIdentifier "int")) [UnaryExpr (PrimaryExpr (PrimaryExpr1 (Operand1 (BasicLit (IntLit 2)))))])]
